
Discarded input sections

 .group         0x0000000000000000       0x10 objects/start.d.o
 .group         0x0000000000000000       0x10 objects/start.d.o
 .group         0x0000000000000000       0x10 objects/start.d.o
 .group         0x0000000000000000       0x10 objects/start.d.o
 .group         0x0000000000000000       0x10 objects/start.d.o
 .group         0x0000000000000000       0x10 objects/start.d.o
 .group         0x0000000000000000       0x10 objects/start.d.o
 .group         0x0000000000000000       0x10 objects/start.d.o
 .group         0x0000000000000000       0x10 objects/start.d.o
 .group         0x0000000000000000       0x10 objects/start.d.o
 .group         0x0000000000000000       0x10 objects/start.d.o
 .group         0x0000000000000000       0x10 objects/start.d.o
 .group         0x0000000000000000       0x10 objects/start.d.o
 .group         0x0000000000000000       0x10 objects/start.d.o
 .group         0x0000000000000000       0x10 objects/start.d.o
 .group         0x0000000000000000       0x10 objects/start.d.o
 .group         0x0000000000000000       0x10 objects/start.d.o
 .group         0x0000000000000000       0x10 objects/start.d.o
 .group         0x0000000000000000       0x10 objects/start.d.o
 .group         0x0000000000000000        0x8 objects/start.d.o
 .group         0x0000000000000000        0x8 objects/start.d.o
 .group         0x0000000000000000        0x8 objects/start.d.o
 .group         0x0000000000000000        0x8 objects/start.d.o
 .group         0x0000000000000000        0x8 objects/start.d.o
 .group         0x0000000000000000        0x8 objects/start.d.o
 .group         0x0000000000000000        0x8 objects/start.d.o
 .text          0x0000000000000000        0x0 objects/start.d.o
 .data          0x0000000000000000        0x0 objects/start.d.o
 .bss           0x0000000000000000        0x0 objects/start.d.o
 .text._D5start10MyRegister27__T8RegisterVi536875008Vi0Z5ResetFZv
                0x0000000000000000       0x10 objects/start.d.o
 .ARM.extab.text._D5start10MyRegister27__T8RegisterVi536875008Vi0Z5ResetFZv
                0x0000000000000000        0x0 objects/start.d.o
 .ARM.exidx.text._D5start10MyRegister27__T8RegisterVi536875008Vi0Z5ResetFZv
                0x0000000000000000        0x8 objects/start.d.o
 .text._D5start10MyRegister27__T8RegisterVi536875008Vi0Z5ValueFNdZk
                0x0000000000000000        0xc objects/start.d.o
 .ARM.extab.text._D5start10MyRegister27__T8RegisterVi536875008Vi0Z5ValueFNdZk
                0x0000000000000000        0x0 objects/start.d.o
 .ARM.exidx.text._D5start10MyRegister27__T8RegisterVi536875008Vi0Z5ValueFNdZk
                0x0000000000000000        0x8 objects/start.d.o
 .text._D5start10MyRegister27__T8RegisterVi536875008Vi0Z5ValueFNdkZv
                0x0000000000000000        0xc objects/start.d.o
 .ARM.extab.text._D5start10MyRegister27__T8RegisterVi536875008Vi0Z5ValueFNdkZv
                0x0000000000000000        0x0 objects/start.d.o
 .ARM.exidx.text._D5start10MyRegister27__T8RegisterVi536875008Vi0Z5ValueFNdkZv
                0x0000000000000000        0x8 objects/start.d.o
 .text._D5start10MyRegister27__T8RegisterVi536875008Vi0Z10ResetValueFNdZk
                0x0000000000000000        0x4 objects/start.d.o
 .ARM.extab.text._D5start10MyRegister27__T8RegisterVi536875008Vi0Z10ResetValueFNdZk
                0x0000000000000000        0x0 objects/start.d.o
 .ARM.exidx.text._D5start10MyRegister27__T8RegisterVi536875008Vi0Z10ResetValueFNdZk
                0x0000000000000000        0x8 objects/start.d.o
 .text._D5start10MyRegister27__T8RegisterVi536875008Vi0Z35__T8BitFieldVi31Vi0VE4mmio6Policy2Z8BitField50__T22BitFieldImplementationVk31Vk0VE4mmio6Policy2Z8MSBIndexFNdZk
                0x0000000000000000        0x4 objects/start.d.o
 .ARM.extab.text._D5start10MyRegister27__T8RegisterVi536875008Vi0Z35__T8BitFieldVi31Vi0VE4mmio6Policy2Z8BitField50__T22BitFieldImplementationVk31Vk0VE4mmio6Policy2Z8MSBIndexFNdZk
                0x0000000000000000        0x0 objects/start.d.o
 .ARM.exidx.text._D5start10MyRegister27__T8RegisterVi536875008Vi0Z35__T8BitFieldVi31Vi0VE4mmio6Policy2Z8BitField50__T22BitFieldImplementationVk31Vk0VE4mmio6Policy2Z8MSBIndexFNdZk
                0x0000000000000000        0x8 objects/start.d.o
 .text._D5start10MyRegister27__T8RegisterVi536875008Vi0Z35__T8BitFieldVi31Vi0VE4mmio6Policy2Z8BitField50__T22BitFieldImplementationVk31Vk0VE4mmio6Policy2Z8LSBIndexFNdZk
                0x0000000000000000        0x4 objects/start.d.o
 .ARM.extab.text._D5start10MyRegister27__T8RegisterVi536875008Vi0Z35__T8BitFieldVi31Vi0VE4mmio6Policy2Z8BitField50__T22BitFieldImplementationVk31Vk0VE4mmio6Policy2Z8LSBIndexFNdZk
                0x0000000000000000        0x0 objects/start.d.o
 .ARM.exidx.text._D5start10MyRegister27__T8RegisterVi536875008Vi0Z35__T8BitFieldVi31Vi0VE4mmio6Policy2Z8BitField50__T22BitFieldImplementationVk31Vk0VE4mmio6Policy2Z8LSBIndexFNdZk
                0x0000000000000000        0x8 objects/start.d.o
[...]
Memory Configuration

Name             Origin             Length             Attributes
CCRAM            0x0000000010000000 0x0000000000010000 xrw
SRAM             0x0000000020000000 0x0000000000020000 xrw
FLASH            0x0000000008000000 0x0000000000100000 xr
*default*        0x0000000000000000 0xffffffffffffffff

Linker script and memory map

                0x0000000010010000                _stackStart = (ORIGIN (CCRAM) + 0x10000)

/DISCARD/
 *(.ARM.extab*)
 *(.ARM.exidx*)

.text           0x0000000008000000       0x10
                0x0000000008000000        0x4 LONG 0x10010000 _stackStart
 *(*.ResetHandler)
 .rodata.ResetHandler
                0x0000000008000004        0x4 objects/start.d.o
                0x0000000008000004                ResetHandler
                0x0000000008000008        0x4 LONG 0x0
 *(*.HardFaultHandler)
 .rodata.HardFaultHandler
                0x000000000800000c        0x4 objects/start.d.o
                0x000000000800000c                HardFaultHandler
 *(*.text)

.glue_7         0x0000000008000010        0x0
 .glue_7        0x0000000000000000        0x0 linker stubs

.glue_7t        0x0000000008000010        0x0
 .glue_7t       0x0000000000000000        0x0 linker stubs

.vfp11_veneer   0x0000000008000010        0x0
 .vfp11_veneer  0x0000000000000000        0x0 linker stubs

.v4_bx          0x0000000008000010        0x0
 .v4_bx         0x0000000000000000        0x0 linker stubs

.text._D5trace18__T9WriteLineTAyaZ9WriteLineFxAyaZv
                0x0000000008000010       0x30
 .text._D5trace18__T9WriteLineTAyaZ9WriteLineFxAyaZv
                0x0000000008000010       0x30 objects/start.d.o
                0x0000000008000010                _D5trace18__T9WriteLineTAyaZ9WriteLineFxAyaZv

.text._D5start11OnHardFaultFZv
                0x0000000008000040       0x1c
 .text._D5start11OnHardFaultFZv
                0x0000000008000040       0x1c objects/start.d.o
                0x0000000008000040                _D5start11OnHardFaultFZv

.text._D5start7OnResetFZv
                0x000000000800005c       0x30
 .text._D5start7OnResetFZv
                0x000000000800005c       0x30 objects/start.d.o
                0x000000000800005c                _D5start7OnResetFZv

.iplt           0x000000000800008c        0x0
 .iplt          0x0000000000000000        0x0 objects/start.d.o

.text._D5trace5WriteFxAyaZv
                0x000000000800008c       0x1c
 .text._D5trace5WriteFxAyaZv
                0x000000000800008c       0x1c objects/trace.d.o
                0x000000000800008c                _D5trace5WriteFxAyaZv

.igot.plt       0x00000000080000a8        0x0
 .igot.plt      0x0000000000000000        0x0 objects/start.d.o

.rodata         0x00000000080000a8      0x118
 *(*.rodata)
 .rodata        0x00000000080000a8      0x118 objects/start.d.o
LOAD objects/start.d.o
LOAD objects/trace.d.o
LOAD objects/assert.d.o
LOAD objects/STM32/registers/flash.d.o
LOAD objects/STM32/registers/ahb3.d.o
LOAD objects/STM32/registers/rcc.d.o
LOAD objects/STM32/registers/ahb1.d.o
LOAD objects/STM32/registers/ahb2.d.o
LOAD objects/STM32/registers/pwr.d.o
LOAD objects/STM32/registers/apb1.d.o
LOAD objects/STM32/registers/apb2.d.o
LOAD objects/mmio.d.o
LOAD objects/object.d.o
LOAD objects/gcc.d.o
OUTPUT(binary/start.elf elf32-littlearm)

.rel.dyn        0x00000000080001c0        0x0
 .rel.iplt      0x0000000000000000        0x0 objects/start.d.o

.comment        0x0000000000000000       0x11
 .comment       0x0000000000000000       0x11 objects/start.d.o
                                         0x12 (size before relaxing)
 .comment       0x0000000000000000       0x12 objects/trace.d.o

.ARM.attributes
                0x0000000000000000       0x31
 .ARM.attributes
                0x0000000000000000       0x31 objects/start.d.o
 .ARM.attributes
                0x0000000000000031       0x31 objects/trace.d.o
